// Jest Snapshot v1, https://goo.gl/fbAQLP

exports[`Test Change 1`] = `
<div
  data-testid="test-field-wrap"
>
  <input
    data-testid="test-field"
    value="123"
  />
  <div
    data-testid="test-field-error"
  >
    Test
  </div>
</div>
`;
